Buildfile: build.xml

prepare:

compile:

test:
     [echo] Bootcamp Simple Search Test
     [java] ..........Query: http://api.nytimes.com/svc/search/v1/article?&fields=title,body,url,date,multimedia,byline,classifiers_facet,multimedia,date,small_image_url&api-key=a9cb98b3be576fcdc75e6a28a6530607:5:57925337&query=tufts
     [java] {"total":4929,"tokens":["tufts"],"offset":"0","results":[{"title":"Sanofi Drug Found Promising for Heart Ailment","classifiers_facet":["Top/News/Health","Top/Classifieds/Job Market/Job Categories/Pharmaceutical, Biotechnology and Science","Top/News/Health/Diseases, Conditions, and Health Topics/Medicine and Health","Top/Classifieds/Job Market/Job Categories/Healthcare","Top/News/Health/Diseases, Conditions, and Health Topics/Heart Disease"],"byline":"By DUFF WILSON","url":"http://www.nytimes.com/2009/02/12/health/research/12drug.html","date":"20090212","body":"Sanofi-Aventis got a big push Wednesday for a new drug for a potentially serious heart condition when a leading medical journal reported promising results from a clinical trial. The study, which was sponsored by Sanofi, indicated that the medicine could reduce hospitalizations and deaths for people with atrial fibrillation , which afflicts more"},{"title":"U.S. Prepares to Broach Hard Issues With China","classifiers_facet":["Top/News/World/Countries and Territories/United States","Top/News/Science/Environment","Top/Features/Travel/Guides/Destinations/Asia/China","Top/News/World/Countries and Territories/China","Top/News/Washington","Top/News/Washington/Campaign 2008","Top/News","Top/News/World/Asia Pacific","Top/Classifieds/Job Market/Job Categories/Government, Philanthropy and NGO","Top/Features/Travel/Guides/Destinations/North America","Top/News/U.S.","Top/News/Washington/Campaign 2008/Candidates","Top/Features/Travel/Guides/Destinations/North America/United States","Top/Features/Travel/Guides/Destinations/Asia"],"byline":"By MARK LANDLER","url":"http://www.nytimes.com/2009/02/11/washington/11diplo.html","date":"20090211","body":"WASHINGTON &#151; The Obama administration plans to realign the United States&#8217; relationship with China by putting more emphasis on climate change , energy and human rights, widening the focus beyond the economic concerns of the Bush years, according to senior administration officials. With Secretary of State Hillary Rodham Clinton scheduled"},{"title":"North Korea Tones Down Its Rhetoric","classifiers_facet":["Top/Features/Travel/Guides/Destinations/Asia/North Korea","Top/News","Top/News/World/Asia Pacific","Top/News/World/Countries and Territories/North Korea","Top/Features/Travel/Guides/Destinations/Asia","Top/News/World"],"byline":"By THE ASSOCIATED PRESS","url":"http://www.nytimes.com/2009/02/08/world/asia/08korea.html","date":"20090208","body":"BEIJING (AP) &#151; North Korean officials have expressed their willingness to move forward with long-stalled denuclearization talks and played down recent reports that the government is preparing to test-fire a long-range missile, a former American diplomat said Saturday after a private visit to North Korea . The message given to the former envoy,"},{"title":"ARTS, BRIEFLY; Footnotes","classifiers_facet":["Top/News","Top/Features/Arts","Top/Features/Arts/Columns/Arts Briefly"],"byline":"Compiled by Dave Itzkoff","url":"http://www.nytimes.com/2009/02/07/arts/07arts-FOOTNOTES_BRF.html","date":"20090207","body":"Bon Jovi has been added to the lineup of the New Orleans Jazz &#38; Heritage Festival, the festival announced. This will be the first time this New Jersey rock band performs at the event. The festival, whose headliners include Wynton Marsalis , the Dave Matthews Band , James Taylor and Sugarland , runs from April 24 through 26 and April 30 through"},{"title":"PERSONAL HEALTH; Babies Know: A Little Dirt Is Good for You","classifiers_facet":["Top/News/Health","Top/News/Health/Columns/Personal Health","Top/News/Science","Top/News"],"byline":"By JANE E. BRODY","url":"http://query.nytimes.com/gst/fullpage.html?sec=health&res=9C01EFD71231F934A15752C0A96F9C8B63","date":"20090127","body":"Ask mothers why babies are constantly picking things up from the floor or ground and putting them in their mouths, and chances are they'll say that it's instinctive -- that that's how babies explore the world. But why the mouth, when sight, hearing, touch and even scent are far better at identifying things? When my young sons were exploring the"},{"title":"VITAL SIGNS; More Delays for Women in Emergency Care","classifiers_facet":["Top/News","Top/News/Health/Columns/Vital Signs","Top/News/Health","Top/News/Science","Top/News/Health/Diseases, Conditions, and Health Topics/Medicine and Health","Top/Classifieds/Job Market/Job Categories/Healthcare"],"byline":"By RONI CARYN RABIN","url":"http://www.nytimes.com/2009/01/27/health/27disp.html","date":"20090127","body":"A new study has found surprising evidence of delays in getting women with heart trouble to the hospital. Researchers at Tufts Medical Center in Boston examined 5,887 emergency calls about suspected cardiac symptoms in Dallas County, Tex. About half of the calls were made by women. Ambulances arrived just as quickly for women as for men, the"},{"title":"Paid Notice: Deaths DEWITT, EUGENE (GENE) A.","classifiers_facet":["Top/Classifieds/Paid Death Notices"],"url":"http://query.nytimes.com/gst/fullpage.html?res=9D0CE7D7163AF935A15752C0A96F9C8B63","date":"20090126","body":"DeWITT--Eugene (Gene) A.,passed away early Thursday morning after a four-year battle with cancer. He was a devoted husband to Dianne DeWitt, father to Kate DeWitt and his four step-daughters and their husbands, Anna and Andrew Silverman, Stacey and Remy Bertin, Elexis and Christopher Lewis, and Jacqueline Mariash. He was also a caring and giving"},{"title":"Paid Notice: Deaths DEWITT, EUGENE (GENE) A.","classifiers_facet":["Top/Classifieds/Paid Death Notices"],"url":"http://query.nytimes.com/gst/fullpage.html?res=9905E3D8163AF936A15752C0A96F9C8B63","date":"20090125","body":"DeWITT--Eugene (Gene) A.,passed away early Thursday morning after a four-year battle with cancer. He was a devoted husband to Dianne DeWitt, father to Kate DeWitt and his four step-daughters and their husbands, Anna and Andrew Silverman, Stacey and Remy Bertin, Elexis and Christopher Lewis, and Jacqueline Mariash. He was also a caring and giving"},{"title":"Paid Notice: Deaths DEWITT, EUGENE (GENE) A.","classifiers_facet":["Top/Classifieds/Paid Death Notices"],"url":"http://query.nytimes.com/gst/fullpage.html?res=9B01E4D9163AF937A15752C0A96F9C8B63","date":"20090124","body":"DeWITT--Eugene (Gene) A.,passed away early Thursday morning after a four-year battle with cancer. He was a devoted husband to Dianne DeWitt, father to Kate DeWitt and his four step-daughters and their husbands, Anna and Andrew Silverman, Stacey and Remy Bertin, Elexis and Christopher Lewis, and Jacqueline Mariash. He was also a caring and giving"},{"title":"ARCHITECTURE REVIEW | COPENHAGEN CONCERT HALL; For Intimate Music, the Boldest of Designs","classifiers_facet":["Top/Features/Arts/Art and Design/Reviews","Top/Features/Arts/Art and Design","Top/Features/Travel/Guides/Activities and Interests/Architecture","Top/News/World/Countries and Territories/Denmark","Top/News","Top/Features/Arts","Top/Features/Travel/Guides/Destinations/Europe","Top/News/World/Europe","Top/Features/Travel/Guides/Destinations/Europe/Denmark/Copenhagen","Top/Features/Travel/Guides/Destinations/Europe/Denmark"],"byline":"By NICOLAI OUROUSSOFF","url":"http://www.nytimes.com/2009/01/20/arts/design/20hall.html","date":"20090120","small_image_url":"http://graphics8.nytimes.com/images/2009/01/19/arts/cop75.jpg","body":"It's usually considered an insult to say that an architect designs pretty packages, let alone that he borrows ideas from a dead genius. But Jean Nouvel should be forgiven for resurrecting old ghosts. His Copenhagen Concert Hall, which opened here on Saturday evening, is a loving tribute to Hans Scharoun's 1963 Berlin Philharmonie, whose cascading"}]}
     [java] type: null
     [java] description: Sanofi-Aventis got a big push Wednesday for a new drug for a potentially serious heart condition when a leading medical journal reported promising results from a clinical trial. The study, which was sponsored by Sanofi, indicated that the medicine could reduce hospitalizations and deaths for people with atrial fibrillation , which afflicts more
     [java] URL: http://www.nytimes.com/2009/02/12/health/research/12drug.html
     [java] title: Sanofi Drug Found Promising for Heart Ailment
     [java] asset id: 0
     [java] type: null
     [java] description: WASHINGTON &#151; The Obama administration plans to realign the United States&#8217; relationship with China by putting more emphasis on climate change , energy and human rights, widening the focus beyond the economic concerns of the Bush years, according to senior administration officials. With Secretary of State Hillary Rodham Clinton scheduled
     [java] URL: http://www.nytimes.com/2009/02/11/washington/11diplo.html
     [java] title: U.S. Prepares to Broach Hard Issues With China
     [java] asset id: 1
     [java] type: null
     [java] description: BEIJING (AP) &#151; North Korean officials have expressed their willingness to move forward with long-stalled denuclearization talks and played down recent reports that the government is preparing to test-fire a long-range missile, a former American diplomat said Saturday after a private visit to North Korea . The message given to the former envoy,
     [java] URL: http://www.nytimes.com/2009/02/08/world/asia/08korea.html
     [java] title: North Korea Tones Down Its Rhetoric
     [java] asset id: 2
     [java] type: null
     [java] description: Bon Jovi has been added to the lineup of the New Orleans Jazz &#38; Heritage Festival, the festival announced. This will be the first time this New Jersey rock band performs at the event. The festival, whose headliners include Wynton Marsalis , the Dave Matthews Band , James Taylor and Sugarland , runs from April 24 through 26 and April 30 through
     [java] URL: http://www.nytimes.com/2009/02/07/arts/07arts-FOOTNOTES_BRF.html
     [java] title: ARTS, BRIEFLY; Footnotes
     [java] asset id: 3
     [java] type: null
     [java] description: Ask mothers why babies are constantly picking things up from the floor or ground and putting them in their mouths, and chances are they'll say that it's instinctive -- that that's how babies explore the world. But why the mouth, when sight, hearing, touch and even scent are far better at identifying things? When my young sons were exploring the
     [java] URL: http://query.nytimes.com/gst/fullpage.html?sec=health&res=9C01EFD71231F934A15752C0A96F9C8B63
     [java] title: PERSONAL HEALTH; Babies Know: A Little Dirt Is Good for You
     [java] asset id: 4
     [java] type: null
     [java] description: A new study has found surprising evidence of delays in getting women with heart trouble to the hospital. Researchers at Tufts Medical Center in Boston examined 5,887 emergency calls about suspected cardiac symptoms in Dallas County, Tex. About half of the calls were made by women. Ambulances arrived just as quickly for women as for men, the
     [java] URL: http://www.nytimes.com/2009/01/27/health/27disp.html
     [java] title: VITAL SIGNS; More Delays for Women in Emergency Care
     [java] asset id: 5
     [java] type: null
     [java] description: DeWITT--Eugene (Gene) A.,passed away early Thursday morning after a four-year battle with cancer. He was a devoted husband to Dianne DeWitt, father to Kate DeWitt and his four step-daughters and their husbands, Anna and Andrew Silverman, Stacey and Remy Bertin, Elexis and Christopher Lewis, and Jacqueline Mariash. He was also a caring and giving
     [java] URL: http://query.nytimes.com/gst/fullpage.html?res=9D0CE7D7163AF935A15752C0A96F9C8B63
     [java] title: Paid Notice: Deaths DEWITT, EUGENE (GENE) A.
     [java] asset id: 6
     [java] type: null
     [java] description: DeWITT--Eugene (Gene) A.,passed away early Thursday morning after a four-year battle with cancer. He was a devoted husband to Dianne DeWitt, father to Kate DeWitt and his four step-daughters and their husbands, Anna and Andrew Silverman, Stacey and Remy Bertin, Elexis and Christopher Lewis, and Jacqueline Mariash. He was also a caring and giving
     [java] URL: http://query.nytimes.com/gst/fullpage.html?res=9905E3D8163AF936A15752C0A96F9C8B63
     [java] title: Paid Notice: Deaths DEWITT, EUGENE (GENE) A.
     [java] asset id: 7
     [java] type: null
     [java] description: DeWITT--Eugene (Gene) A.,passed away early Thursday morning after a four-year battle with cancer. He was a devoted husband to Dianne DeWitt, father to Kate DeWitt and his four step-daughters and their husbands, Anna and Andrew Silverman, Stacey and Remy Bertin, Elexis and Christopher Lewis, and Jacqueline Mariash. He was also a caring and giving
     [java] URL: http://query.nytimes.com/gst/fullpage.html?res=9B01E4D9163AF937A15752C0A96F9C8B63
     [java] title: Paid Notice: Deaths DEWITT, EUGENE (GENE) A.
     [java] asset id: 8
     [java] type: http://graphics8.nytimes.com/images/2009/01/19/arts/cop75.jpg
     [java] description: It's usually considered an insult to say that an architect designs pretty packages, let alone that he borrows ideas from a dead genius. But Jean Nouvel should be forgiven for resurrecting old ghosts. His Copenhagen Concert Hall, which opened here on Saturday evening, is a loving tribute to Hans Scharoun's 1963 Berlin Philharmonie, whose cascading
     [java] URL: http://www.nytimes.com/2009/01/20/arts/design/20hall.html
     [java] title: ARCHITECTURE REVIEW | COPENHAGEN CONCERT HALL; For Intimate Music, the Boldest of Designs
     [java] asset id: 9
     [java] PASSED: Assets By Search - any result is sufficient
     [java] ......
     [java] Time: 0.447
     [java] 
     [java] OK (16 tests)
     [java] 

BUILD SUCCESSFUL
Total time: 1 second
